# THE CLIENT'S SLICE OF `site/`, declared ONCE and read by both things that
# need it: `desktop/build.rs`, which packs it into the binary, and
# `scripts/payload_manifest.py`, which describes it to the update channel.
#
# Two hand-maintained lists that must agree will not: a file added to one and
# not the other is a client that either downloads something it cannot use or is
# missing something it needs, and neither fails loudly.
#
# WHAT IS NOT HERE. `site/` is 67 MB and 38 MB of it exists for CRAWLERS — `og/`
# is link-preview cards, `weapons/` is one prerendered shell per weapon so a
# search engine sees text. A desktop app has neither, so both are dropped.
#
# A trailing `/` means the whole tree. Blank lines and `#` lines are ignored.

index.html
logo.svg

# THE BOARD IS NOT HERE, and must never be. It is 4.3 MB rescored three times an
# hour against a release that moves on a code change: inside the payload it
# banks a new immortal blob every twenty minutes and hands every client a
# download for a file it replaces before it reads it. The shell fetches it and
# keeps it beside the release — docs/DISTRIBUTION.md §The data plane.

# `asset/` is app.js, style.css and worker.js under CONTENT-ADDRESSED names, and
# it is a TREE for the same reason `pkg/` is: the names carry a digest that
# changes every release, so a list naming them by hand would go stale on the
# first build and no one would find out until a client started missing files.
#
# `pkg/` is the wasm module, `pol/` the polarity icons, `img/` the weapon and mod
# art the same-origin rule put in the repository. The art ships rather than
# streams because "installed means offline" is the whole point of the client.
asset/
pkg/
pol/
img/
